// Jest Snapshot v1, https://goo.gl/fbAQLP

exports[`Render Card Render Snapshot Card 1`] = `
Array [
  <div
    className="movie-rating"
  >
    <div
      className="movie-rating__score"
    >
      9.9
    </div>
    <p
      className="movie-rating__meta"
    >
      <span
        className="movie-rating__level"
      >
        Very Good
      </span>
      <span
        className="movie-rating__count"
      >
        10 counts
      </span>
    </p>
  </div>,
  <div
    className="movie-card__text"
  >
    <p>
      In the 1970s, the Grand Budapest Hotel is a popular European ski resort, presided over by concierge Gustave H. (Ralph Fiennes). Zero, a junior lobby boy, becomes Gustave's friend and protege.
    </p>
    <p>
      Gustave prides himself on providing first-className service to the hotel's guests, including satisfying the sexual needs of the many elderly women who stay there. When one of Gustave's lovers dies mysteriously, Gustave finds himself the recipient of a priceless painting and the chief suspect in her murder.
    </p>
    <p
      className="movie-card__director"
    >
      <strong>
        Director: 
        Sas, Kek, Sas, Kek, Sas, Kek
      </strong>
    </p>
    <p
      className="movie-card__starring"
    >
      <strong>
        Starring: 
        Bill Murray, Edward Norton, Jude Law, Willem Dafoe and more
      </strong>
    </p>
  </div>,
]
`;
